Archive member included because of file (symbol)

c:/siliconlabs/simplicitystudio/v4/developer/toolchains/gnu_arm/4.9_2015q3/bin/../lib/gcc/arm-none-eabi/4.9.3/armv7e-m/softfp\libgcc.a(_aeabi_uldivmod.o)
                              ./emlib/em_usart.o (__aeabi_uldivmod)
c:/siliconlabs/simplicitystudio/v4/developer/toolchains/gnu_arm/4.9_2015q3/bin/../lib/gcc/arm-none-eabi/4.9.3/armv7e-m/softfp\libgcc.a(bpabi.o)
                              c:/siliconlabs/simplicitystudio/v4/developer/toolchains/gnu_arm/4.9_2015q3/bin/../lib/gcc/arm-none-eabi/4.9.3/armv7e-m/softfp\libgcc.a(_aeabi_uldivmod.o) (__gnu_uldivmod_helper)
c:/siliconlabs/simplicitystudio/v4/developer/toolchains/gnu_arm/4.9_2015q3/bin/../lib/gcc/arm-none-eabi/4.9.3/armv7e-m/softfp\libgcc.a(_dvmd_tls.o)
                              c:/siliconlabs/simplicitystudio/v4/developer/toolchains/gnu_arm/4.9_2015q3/bin/../lib/gcc/arm-none-eabi/4.9.3/armv7e-m/softfp\libgcc.a(_aeabi_uldivmod.o) (__aeabi_ldiv0)
c:/siliconlabs/simplicitystudio/v4/developer/toolchains/gnu_arm/4.9_2015q3/bin/../lib/gcc/arm-none-eabi/4.9.3/armv7e-m/softfp\libgcc.a(_divdi3.o)
                              c:/siliconlabs/simplicitystudio/v4/developer/toolchains/gnu_arm/4.9_2015q3/bin/../lib/gcc/arm-none-eabi/4.9.3/armv7e-m/softfp\libgcc.a(bpabi.o) (__divdi3)
c:/siliconlabs/simplicitystudio/v4/developer/toolchains/gnu_arm/4.9_2015q3/bin/../lib/gcc/arm-none-eabi/4.9.3/armv7e-m/softfp\libgcc.a(_udivdi3.o)
                              c:/siliconlabs/simplicitystudio/v4/developer/toolchains/gnu_arm/4.9_2015q3/bin/../lib/gcc/arm-none-eabi/4.9.3/armv7e-m/softfp\libgcc.a(bpabi.o) (__udivdi3)
c:/siliconlabs/simplicitystudio/v4/developer/toolchains/gnu_arm/4.9_2015q3/bin/../lib/gcc/arm-none-eabi/4.9.3/../../../../arm-none-eabi/lib/armv7e-m/softfp\libc_nano.a(lib_a-ctype_.o)
                              ./Drivers/textdisplay.o (__ctype_ptr__)
c:/siliconlabs/simplicitystudio/v4/developer/toolchains/gnu_arm/4.9_2015q3/bin/../lib/gcc/arm-none-eabi/4.9.3/../../../../arm-none-eabi/lib/armv7e-m/softfp\libc_nano.a(lib_a-exit.o)
                              c:/siliconlabs/simplicitystudio/v4/developer/toolchains/gnu_arm/4.9_2015q3/bin/../lib/gcc/arm-none-eabi/4.9.3/../../../../arm-none-eabi/lib/armv7e-m/softfp/crt0.o (exit)
c:/siliconlabs/simplicitystudio/v4/developer/toolchains/gnu_arm/4.9_2015q3/bin/../lib/gcc/arm-none-eabi/4.9.3/../../../../arm-none-eabi/lib/armv7e-m/softfp\libc_nano.a(lib_a-fileno.o)
                              ./Drivers/retargetio.o (fileno)
c:/siliconlabs/simplicitystudio/v4/developer/toolchains/gnu_arm/4.9_2015q3/bin/../lib/gcc/arm-none-eabi/4.9.3/../../../../arm-none-eabi/lib/armv7e-m/softfp\libc_nano.a(lib_a-findfp.o)
                              c:/siliconlabs/simplicitystudio/v4/developer/toolchains/gnu_arm/4.9_2015q3/bin/../lib/gcc/arm-none-eabi/4.9.3/../../../../arm-none-eabi/lib/armv7e-m/softfp\libc_nano.a(lib_a-fileno.o) (__sinit)
c:/siliconlabs/simplicitystudio/v4/developer/toolchains/gnu_arm/4.9_2015q3/bin/../lib/gcc/arm-none-eabi/4.9.3/../../../../arm-none-eabi/lib/armv7e-m/softfp\libc_nano.a(lib_a-fwalk.o)
                              c:/siliconlabs/simplicitystudio/v4/developer/toolchains/gnu_arm/4.9_2015q3/bin/../lib/gcc/arm-none-eabi/4.9.3/../../../../arm-none-eabi/lib/armv7e-m/softfp\libc_nano.a(lib_a-findfp.o) (_fwalk)
c:/siliconlabs/simplicitystudio/v4/developer/toolchains/gnu_arm/4.9_2015q3/bin/../lib/gcc/arm-none-eabi/4.9.3/../../../../arm-none-eabi/lib/armv7e-m/softfp\libc_nano.a(lib_a-impure.o)
                              c:/siliconlabs/simplicitystudio/v4/developer/toolchains/gnu_arm/4.9_2015q3/bin/../lib/gcc/arm-none-eabi/4.9.3/../../../../arm-none-eabi/lib/armv7e-m/softfp\libc_nano.a(lib_a-exit.o) (_global_impure_ptr)
c:/siliconlabs/simplicitystudio/v4/developer/toolchains/gnu_arm/4.9_2015q3/bin/../lib/gcc/arm-none-eabi/4.9.3/../../../../arm-none-eabi/lib/armv7e-m/softfp\libc_nano.a(lib_a-init.o)
                              c:/siliconlabs/simplicitystudio/v4/developer/toolchains/gnu_arm/4.9_2015q3/bin/../lib/gcc/arm-none-eabi/4.9.3/../../../../arm-none-eabi/lib/armv7e-m/softfp/crt0.o (__libc_init_array)
c:/siliconlabs/simplicitystudio/v4/developer/toolchains/gnu_arm/4.9_2015q3/bin/../lib/gcc/arm-none-eabi/4.9.3/../../../../arm-none-eabi/lib/armv7e-m/softfp\libc_nano.a(lib_a-memcpy.o)
                              ./Drivers/display.o (memcpy)
c:/siliconlabs/simplicitystudio/v4/developer/toolchains/gnu_arm/4.9_2015q3/bin/../lib/gcc/arm-none-eabi/4.9.3/../../../../arm-none-eabi/lib/armv7e-m/softfp\libc_nano.a(lib_a-memset.o)
                              c:/siliconlabs/simplicitystudio/v4/developer/toolchains/gnu_arm/4.9_2015q3/bin/../lib/gcc/arm-none-eabi/4.9.3/../../../../arm-none-eabi/lib/armv7e-m/softfp/crt0.o (memset)
c:/siliconlabs/simplicitystudio/v4/developer/toolchains/gnu_arm/4.9_2015q3/bin/../lib/gcc/arm-none-eabi/4.9.3/../../../../arm-none-eabi/lib/armv7e-m/softfp\libc_nano.a(lib_a-nano-mallocr.o)
[...]
Memory Configuration

Name             Origin             Length             Attributes
FLASH            0x00000000         0x00040000         xr
RAM              0x20000000         0x00008000         xrw
*default*        0x00000000         0xffffffff

Linker script and memory map

LOAD c:/siliconlabs/simplicitystudio/v4/developer/toolchains/gnu_arm/4.9_2015q3/bin/../lib/gcc/arm-none-eabi/4.9.3/armv7e-m/softfp/crti.o
LOAD c:/siliconlabs/simplicitystudio/v4/developer/toolchains/gnu_arm/4.9_2015q3/bin/../lib/gcc/arm-none-eabi/4.9.3/armv7e-m/softfp/crtbegin.o
LOAD c:/siliconlabs/simplicitystudio/v4/developer/toolchains/gnu_arm/4.9_2015q3/bin/../lib/gcc/arm-none-eabi/4.9.3/../../../../arm-none-eabi/lib/armv7e-m/softfp/crt0.o
LOAD ./CMSIS/EFM32PG1B/startup_efm32pg1b.o
LOAD ./CMSIS/EFM32PG1B/system_efm32pg1b.o
LOAD ./Drivers/display.o
LOAD ./Drivers/displayls013b7dh03.o
LOAD ./Drivers/displaypalemlib.o
LOAD ./Drivers/retargetio.o
LOAD ./Drivers/retargettextdisplay.o
LOAD ./Drivers/textdisplay.o
LOAD ./Drivers/udelay.o
LOAD ./coremark/core_list_join.o
LOAD ./coremark/core_main.o
LOAD ./coremark/core_matrix.o
LOAD ./coremark/core_portme.o
LOAD ./coremark/core_state.o
LOAD ./coremark/core_util.o
LOAD ./emlib/em_assert.o
LOAD ./emlib/em_cmu.o
LOAD ./emlib/em_core.o
LOAD ./emlib/em_cryotimer.o
LOAD ./emlib/em_emu.o
LOAD ./emlib/em_gpio.o
LOAD ./emlib/em_pcnt.o
LOAD ./emlib/em_prs.o
LOAD ./emlib/em_rtcc.o
LOAD ./emlib/em_system.o
LOAD ./emlib/em_timer.o
LOAD ./emlib/em_usart.o
LOAD ./src/emodes.o
LOAD ./src/lcd_setup.o
LOAD ./src/main.o
START GROUP
LOAD c:/siliconlabs/simplicitystudio/v4/developer/toolchains/gnu_arm/4.9_2015q3/bin/../lib/gcc/arm-none-eabi/4.9.3/armv7e-m/softfp\libgcc.a
LOAD c:/siliconlabs/simplicitystudio/v4/developer/toolchains/gnu_arm/4.9_2015q3/bin/../lib/gcc/arm-none-eabi/4.9.3/../../../../arm-none-eabi/lib/armv7e-m/softfp\libc_nano.a
LOAD c:/siliconlabs/simplicitystudio/v4/developer/toolchains/gnu_arm/4.9_2015q3/bin/../lib/gcc/arm-none-eabi/4.9.3/../../../../arm-none-eabi/lib/armv7e-m/softfp\libnosys.a
END GROUP
START GROUP
LOAD c:/siliconlabs/simplicitystudio/v4/developer/toolchains/gnu_arm/4.9_2015q3/bin/../lib/gcc/arm-none-eabi/4.9.3/armv7e-m/softfp\libgcc.a
LOAD c:/siliconlabs/simplicitystudio/v4/developer/toolchains/gnu_arm/4.9_2015q3/bin/../lib/gcc/arm-none-eabi/4.9.3/../../../../arm-none-eabi/lib/armv7e-m/softfp\libg_nano.a
LOAD c:/siliconlabs/simplicitystudio/v4/developer/toolchains/gnu_arm/4.9_2015q3/bin/../lib/gcc/arm-none-eabi/4.9.3/../../../../arm-none-eabi/lib/armv7e-m/softfp\libc_nano.a
END GROUP
START GROUP
LOAD c:/siliconlabs/simplicitystudio/v4/developer/toolchains/gnu_arm/4.9_2015q3/bin/../lib/gcc/arm-none-eabi/4.9.3/armv7e-m/softfp\libgcc.a
LOAD c:/siliconlabs/simplicitystudio/v4/developer/toolchains/gnu_arm/4.9_2015q3/bin/../lib/gcc/arm-none-eabi/4.9.3/../../../../arm-none-eabi/lib/armv7e-m/softfp\libc_nano.a
END GROUP
LOAD c:/siliconlabs/simplicitystudio/v4/developer/toolchains/gnu_arm/4.9_2015q3/bin/../lib/gcc/arm-none-eabi/4.9.3/armv7e-m/softfp/crtend.o
LOAD c:/siliconlabs/simplicitystudio/v4/developer/toolchains/gnu_arm/4.9_2015q3/bin/../lib/gcc/arm-none-eabi/4.9.3/armv7e-m/softfp/crtn.o

.text           0x00000000     0x2b04
 *(.vectors)
 .vectors       0x00000000       0xc8 ./CMSIS/EFM32PG1B/startup_efm32pg1b.o
                0x00000000                __Vectors
                0x000000c8                __Vectors_End = .
                0x000000c8                __Vectors_Size = (__Vectors_End - __Vectors)
                0x000000c8                __end__ = .
 *(.text*)
 .text          0x000000c8       0x5c c:/siliconlabs/simplicitystudio/v4/developer/toolchains/gnu_arm/4.9_2015q3/bin/../lib/gcc/arm-none-eabi/4.9.3/armv7e-m/softfp/crtbegin.o
 .text          0x00000124       0x74 c:/siliconlabs/simplicitystudio/v4/developer/toolchains/gnu_arm/4.9_2015q3/bin/../lib/gcc/arm-none-eabi/4.9.3/../../../../arm-none-eabi/lib/armv7e-m/softfp/crt0.o
                0x00000124                _start
                0x00000124                _mainCRTStartup
 .text          0x00000198       0x30 ./CMSIS/EFM32PG1B/startup_efm32pg1b.o
                0x00000198                Reset_Handler
                0x000001c4                USART0_TX_IRQHandler
                0x000001c4                I2C0_IRQHandler
                0x000001c4                HardFault_Handler
                0x000001c4                SysTick_Handler
                0x000001c4                USART1_RX_IRQHandler
                0x000001c4                PendSV_Handler
                0x000001c4                NMI_Handler
                0x000001c4                WDOG0_IRQHandler
                0x000001c4                USART1_TX_IRQHandler
                0x000001c4                MSC_IRQHandler
                0x000001c4                ADC0_IRQHandler
                0x000001c4                UsageFault_Handler
                0x000001c4                LEUART0_IRQHandler
                0x000001c4                FPUEH_IRQHandler
                0x000001c4                LDMA_IRQHandler
                0x000001c4                TIMER0_IRQHandler
                0x000001c4                DebugMon_Handler
                0x000001c4                LETIMER0_IRQHandler
                0x000001c4                TIMER1_IRQHandler
                0x000001c4                Default_Handler
                0x000001c4                EMU_IRQHandler
                0x000001c4                CRYOTIMER_IRQHandler
                0x000001c4                ACMP0_IRQHandler
                0x000001c4                USART0_RX_IRQHandler
                0x000001c4                MemManage_Handler
                0x000001c4                SVC_Handler
                0x000001c4                RTCC_IRQHandler
                0x000001c4                CRYPTO_IRQHandler
                0x000001c4                CMU_IRQHandler
                0x000001c4                BusFault_Handler
                0x000001c4                IDAC0_IRQHandler
 .text.SystemCoreClockGet
                0x000001c8       0x44 ./CMSIS/EFM32PG1B/system_efm32pg1b.o
                0x000001c8                SystemCoreClockGet
 .text.SystemMaxCoreClockGet
                0x0000020c       0x14 ./CMSIS/EFM32PG1B/system_efm32pg1b.o
                0x0000020c                SystemMaxCoreClockGet
 .text.SystemHFClockGet
                0x00000220       0x70 ./CMSIS/EFM32PG1B/system_efm32pg1b.o
                0x00000220                SystemHFClockGet
 .text.SystemInit
                0x00000290       0x20 ./CMSIS/EFM32PG1B/system_efm32pg1b.o
                0x00000290                SystemInit
 .text.SystemLFRCOClockGet
                0x000002b0       0x14 ./CMSIS/EFM32PG1B/system_efm32pg1b.o
                0x000002b0                SystemLFRCOClockGet
 .text.SystemULFRCOClockGet
                0x000002c4       0x14 ./CMSIS/EFM32PG1B/system_efm32pg1b.o
                0x000002c4                SystemULFRCOClockGet
 .text.SystemLFXOClockGet
                0x000002d8       0x18 ./CMSIS/EFM32PG1B/system_efm32pg1b.o
                0x000002d8                SystemLFXOClockGet
 .text._exit    0x000002f0        0xc ./Drivers/retargetio.o
                0x000002f0                _exit
 .text.assertEFM
                0x000002fc        0xc ./emlib/em_assert.o
                0x000002fc                assertEFM
 .text.BUS_RegBitWrite
                0x00000308       0x2c ./emlib/em_cmu.o
 .text.BUS_RegBitRead
                0x00000334       0x2c ./emlib/em_cmu.o
 .text.BUS_RegMaskedSet
                0x00000360       0x24 ./emlib/em_cmu.o
 .text.BUS_RegMaskedClear
                0x00000384       0x24 ./emlib/em_cmu.o
 .text.BUS_RegMaskedWrite
                0x000003a8       0x24 ./emlib/em_cmu.o
 .text.BUS_RegMaskedRead
                0x000003cc       0x20 ./emlib/em_cmu.o
 .text.CMU_Log2ToDiv
                0x000003ec       0x1c ./emlib/em_cmu.o
 .text.CMU_PrescToLog2
                0x00000408       0x50 ./emlib/em_cmu.o
 .text.setHfLeConfig
                0x00000458       0x3c ./emlib/em_cmu.o
 .text.getHfLeConfig
                0x00000494       0x40 ./emlib/em_cmu.o
 .text.auxClkGet
                0x000004d4       0x20 ./emlib/em_cmu.o
 .text.dbgClkGet
                0x000004f4       0x4c ./emlib/em_cmu.o
 .text.flashWaitStateControl
                0x00000540       0x78 ./emlib/em_cmu.o
 .text.flashWaitStateMax
                0x000005b8       0x14 ./emlib/em_cmu.o
 .text.getRegIshUpperVal
                0x000005cc       0x38 ./emlib/em_cmu.o
 .text.lfClkGet
                0x00000604      0x104 ./emlib/em_cmu.o
 .text.syncReg  0x00000708       0x38 ./emlib/em_cmu.o
 .text.CMU_ClockEnable
                0x00000740       0xd8 ./emlib/em_cmu.o
                0x00000740                CMU_ClockEnable
 .text.CMU_ClockFreqGet
                0x00000818      0x194 ./emlib/em_cmu.o
                0x00000818                CMU_ClockFreqGet
 .text.CMU_ClockPrescSet
                0x000009ac      0x2ac ./emlib/em_cmu.o
                0x000009ac                CMU_ClockPrescSet
 .text.CMU_ClockSelectGet
                0x00000c58      0x158 ./emlib/em_cmu.o
                0x00000c58                CMU_ClockSelectGet
 .text.CMU_ClockSelectSet
                0x00000db0      0x20c ./emlib/em_cmu.o
                0x00000db0                CMU_ClockSelectSet
 .text.CMU_HFRCODevinfoGet
                0x00000fbc       0xdc ./emlib/em_cmu.o
 .text.CMU_HFRCOBandSet
                0x00001098      0x144 ./emlib/em_cmu.o
                0x00001098                CMU_HFRCOBandSet
 .text.CMU_HFXOInit
                0x000011dc      0x12c ./emlib/em_cmu.o
                0x000011dc                CMU_HFXOInit
 .text.CMU_OscillatorEnable
                0x00001308      0x18c ./emlib/em_cmu.o
                0x00001308                CMU_OscillatorEnable
 .text.CMU_OscillatorTuningGet
                0x00001494       0x7c ./emlib/em_cmu.o
                0x00001494                CMU_OscillatorTuningGet
 .text.CMU_OscillatorTuningSet
                0x00001510      0x150 ./emlib/em_cmu.o
                0x00001510                CMU_OscillatorTuningSet
 .text.CMU_OscillatorTuningWait
                0x00001660       0xb0 ./emlib/em_cmu.o
                0x00001660                CMU_OscillatorTuningWait
 .text.CMU_OscillatorTuningOptimize
                0x00001710       0x60 ./emlib/em_cmu.o
                0x00001710                CMU_OscillatorTuningOptimize
 .text.BUS_RegBitWrite
                0x00001770       0x2c ./emlib/em_emu.o
 .text.BUS_RegBitRead
                0x0000179c       0x2c ./emlib/em_emu.o
 .text.SYSTEM_GetDevinfoRev
                0x000017c8       0x18 ./emlib/em_emu.o
 .text.dcdcConstCalibrationLoad
                0x000017e0       0xd0 ./emlib/em_emu.o
 .text.dcdcValidatedConfigSet
                0x000018b0       0xb0 ./emlib/em_emu.o
 .text.currentLimitersUpdate
                0x00001960      0x128 ./emlib/em_emu.o
 .text.userCurrentLimitsSet
                0x00001a88       0x2c ./emlib/em_emu.o
 .text.compCtrlSet
                0x00001ab4       0x48 ./emlib/em_emu.o
 .text.lpCmpHystCalibrationLoad
                0x00001afc       0xe8 ./emlib/em_emu.o
 .text.lpGetDevinfoVrefLowHigh
                0x00001be4      0x168 ./emlib/em_emu.o
 .text.EMU_DCDCModeSet
                0x00001d4c       0x88 ./emlib/em_emu.o
                0x00001d4c                EMU_DCDCModeSet
 .text.EMU_DCDCInit
                0x00001dd4      0x190 ./emlib/em_emu.o
                0x00001dd4                EMU_DCDCInit
 .text.EMU_DCDCOutputVoltageSet
                0x00001f64      0x230 ./emlib/em_emu.o
                0x00001f64                EMU_DCDCOutputVoltageSet
 .text.EMU_DCDCOptimizeSlice
                0x00002194       0xe8 ./emlib/em_emu.o
                0x00002194                EMU_DCDCOptimizeSlice
 .text.EMU_DCDCLnRcoBandSet
                0x0000227c       0x60 ./emlib/em_emu.o
                0x0000227c                EMU_DCDCLnRcoBandSet
 .text.SYSTEM_ChipRevisionGet
                0x000022dc       0x80 ./emlib/em_system.o
                0x000022dc                SYSTEM_ChipRevisionGet
 .text.em_EM0_Hfxo
                0x0000235c       0x3c ./src/emodes.o
                0x0000235c                em_EM0_Hfxo
 .text.em_EM0_Hfrco
                0x00002398       0x48 ./src/emodes.o
                0x00002398                em_EM0_Hfrco
 .text.disableHFClocks
                0x000023e0       0xd4 ./src/emodes.o
 .text.disableLFClocks
                0x000024b4       0x88 ./src/emodes.o
 .text.disableClocks
                0x0000253c       0x10 ./src/emodes.o
 .text.GPIO_IntClear
                0x0000254c       0x20 ./src/lcd_setup.o
 .text.GPIO_IntGet
                0x0000256c       0x18 ./src/lcd_setup.o
 .text.PCNT_IntClear
                0x00002584       0x1c ./src/lcd_setup.o
 .text.GPIO_Unified_IRQ
                0x000025a0       0x64 ./src/lcd_setup.o
                0x000025a0                GPIO_Unified_IRQ
 .text.GPIO_EVEN_IRQHandler
                0x00002604        0xc ./src/lcd_setup.o
                0x00002604                GPIO_EVEN_IRQHandler
 .text.GPIO_ODD_IRQHandler
                0x00002610        0xc ./src/lcd_setup.o
                0x00002610                GPIO_ODD_IRQHandler
 .text.PCNT0_IRQHandler
                0x0000261c       0x20 ./src/lcd_setup.o
                0x0000261c                PCNT0_IRQHandler
 .text.SYSTEM_GetProdRev
                0x0000263c       0x1c ./src/main.o
 .text.CHIP_Init
                0x00002658       0xa8 ./src/main.o
 .text.EMU_UnlatchPinRetention
                0x00002700       0x18 ./src/main.o
 .text.main     0x00002718      0x11c ./src/main.o
                0x00002718                main
 .text.exit     0x00002834       0x28 c:/siliconlabs/simplicitystudio/v4/developer/toolchains/gnu_arm/4.9_2015q3/bin/../lib/gcc/arm-none-eabi/4.9.3/../../../../arm-none-eabi/lib/armv7e-m/softfp\libc_nano.a(lib_a-exit.o)
                0x00002834                exit
 .text.__libc_init_array
                0x0000285c       0x4c c:/siliconlabs/simplicitystudio/v4/developer/toolchains/gnu_arm/4.9_2015q3/bin/../lib/gcc/arm-none-eabi/4.9.3/../../../../arm-none-eabi/lib/armv7e-m/softfp\libc_nano.a(lib_a-init.o)
                0x0000285c                __libc_init_array
 .text.memset   0x000028a8       0x10 c:/siliconlabs/simplicitystudio/v4/developer/toolchains/gnu_arm/4.9_2015q3/bin/../lib/gcc/arm-none-eabi/4.9.3/../../../../arm-none-eabi/lib/armv7e-m/softfp\libc_nano.a(lib_a-memset.o)
                0x000028a8                memset
 *(.init)
 .init          0x000028b8        0x4 c:/siliconlabs/simplicitystudio/v4/developer/toolchains/gnu_arm/4.9_2015q3/bin/../lib/gcc/arm-none-eabi/4.9.3/armv7e-m/softfp/crti.o
                0x000028b8                _init
 .init          0x000028bc        0x8 c:/siliconlabs/simplicitystudio/v4/developer/toolchains/gnu_arm/4.9_2015q3/bin/../lib/gcc/arm-none-eabi/4.9.3/armv7e-m/softfp/crtn.o
 *(.fini)
 .fini          0x000028c4        0x4 c:/siliconlabs/simplicitystudio/v4/developer/toolchains/gnu_arm/4.9_2015q3/bin/../lib/gcc/arm-none-eabi/4.9.3/armv7e-m/softfp/crti.o
                0x000028c4                _fini
 .fini          0x000028c8        0x8 c:/siliconlabs/simplicitystudio/v4/developer/toolchains/gnu_arm/4.9_2015q3/bin/../lib/gcc/arm-none-eabi/4.9.3/armv7e-m/softfp/crtn.o
 *crtbegin.o(.ctors)
 *crtbegin?.o(.ctors)
 *(EXCLUDE_FILE(*crtend.o *crtend?.o) .ctors)
 *(SORT(.ctors.*))
 *(.ctors)
 *crtbegin.o(.dtors)
 *crtbegin?.o(.dtors)
 *(EXCLUDE_FILE(*crtend.o *crtend?.o) .dtors)
 *(SORT(.dtors.*))
 *(.dtors)
 *(.rodata*)
 .rodata        0x000028d0       0xc7 ./emlib/em_cmu.o
 *fill*         0x00002997        0x1 
 .rodata        0x00002998       0x63 ./emlib/em_emu.o
 *fill*         0x000029fb        0x1 
 .rodata        0x000029fc       0x66 ./emlib/em_system.o
 *fill*         0x00002a62        0x2 
 .rodata        0x00002a64       0x32 ./src/main.o
 *fill*         0x00002a96        0x2 
 .rodata.__sf_fake_stdin
                0x00002a98       0x20 c:/siliconlabs/simplicitystudio/v4/developer/toolchains/gnu_arm/4.9_2015q3/bin/../lib/gcc/arm-none-eabi/4.9.3/../../../../arm-none-eabi/lib/armv7e-m/softfp\libc_nano.a(lib_a-findfp.o)
                0x00002a98                __sf_fake_stdin
 .rodata.__sf_fake_stdout
                0x00002ab8       0x20 c:/siliconlabs/simplicitystudio/v4/developer/toolchains/gnu_arm/4.9_2015q3/bin/../lib/gcc/arm-none-eabi/4.9.3/../../../../arm-none-eabi/lib/armv7e-m/softfp\libc_nano.a(lib_a-findfp.o)
                0x00002ab8                __sf_fake_stdout
 .rodata.__sf_fake_stderr
                0x00002ad8       0x20 c:/siliconlabs/simplicitystudio/v4/developer/toolchains/gnu_arm/4.9_2015q3/bin/../lib/gcc/arm-none-eabi/4.9.3/../../../../arm-none-eabi/lib/armv7e-m/softfp\libc_nano.a(lib_a-findfp.o)
                0x00002ad8                __sf_fake_stderr
 .rodata.str1.1
                0x00002af8        0x2 c:/siliconlabs/simplicitystudio/v4/developer/toolchains/gnu_arm/4.9_2015q3/bin/../lib/gcc/arm-none-eabi/4.9.3/../../../../arm-none-eabi/lib/armv7e-m/softfp\libc_nano.a(lib_a-impure.o)
 *fill*         0x00002afa        0x2 
 .rodata._global_impure_ptr
                0x00002afc        0x4 c:/siliconlabs/simplicitystudio/v4/developer/toolchains/gnu_arm/4.9_2015q3/bin/../lib/gcc/arm-none-eabi/4.9.3/../../../../arm-none-eabi/lib/armv7e-m/softfp\libc_nano.a(lib_a-impure.o)
                0x00002afc                _global_impure_ptr
 *(.eh_frame*)
 .eh_frame      0x00002b00        0x0 c:/siliconlabs/simplicitystudio/v4/developer/toolchains/gnu_arm/4.9_2015q3/bin/../lib/gcc/arm-none-eabi/4.9.3/armv7e-m/softfp/crtbegin.o
 .eh_frame      0x00002b00        0x4 c:/siliconlabs/simplicitystudio/v4/developer/toolchains/gnu_arm/4.9_2015q3/bin/../lib/gcc/arm-none-eabi/4.9.3/armv7e-m/softfp/crtend.o

.glue_7         0x00002b04        0x0
 .glue_7        0x00000000        0x0 linker stubs

.glue_7t        0x00002b04        0x0
 .glue_7t       0x00000000        0x0 linker stubs

.vfp11_veneer   0x00002b04        0x0
 .vfp11_veneer  0x00000000        0x0 linker stubs

.v4_bx          0x00002b04        0x0
 .v4_bx         0x00000000        0x0 linker stubs

.iplt           0x00002b04        0x0
 .iplt          0x00000000        0x0 c:/siliconlabs/simplicitystudio/v4/developer/toolchains/gnu_arm/4.9_2015q3/bin/../lib/gcc/arm-none-eabi/4.9.3/armv7e-m/softfp/crtbegin.o

.ARM.extab
 *(.ARM.extab* .gnu.linkonce.armextab.*)
                0x00002b04                __exidx_start = .

.ARM.exidx      0x00002b04        0x8
 *(.ARM.exidx* .gnu.linkonce.armexidx.*)
 .ARM.exidx     0x00002b04        0x8 c:/siliconlabs/simplicitystudio/v4/developer/toolchains/gnu_arm/4.9_2015q3/bin/../lib/gcc/arm-none-eabi/4.9.3/../../../../arm-none-eabi/lib/armv7e-m/softfp/crt0.o
                0x00002b0c                __exidx_end = .
                0x00002b0c                __etext = .

.rel.dyn        0x00002b0c        0x0
 .rel.iplt      0x00000000        0x0 c:/siliconlabs/simplicitystudio/v4/developer/toolchains/gnu_arm/4.9_2015q3/bin/../lib/gcc/arm-none-eabi/4.9.3/armv7e-m/softfp/crtbegin.o

.data           0x20000000       0x7c load address 0x00002b0c
                0x20000000                __data_start__ = .
 *(vtable)
 *(.data*)
 .data.SystemHFXOClock
                0x20000000        0x4 ./CMSIS/EFM32PG1B/system_efm32pg1b.o
 .data.SystemLFXOClock
                0x20000004        0x4 ./CMSIS/EFM32PG1B/system_efm32pg1b.o
 .data.SystemHfrcoFreq
                0x20000008        0x4 ./CMSIS/EFM32PG1B/system_efm32pg1b.o
                0x20000008                SystemHfrcoFreq
 .data.auxHfrcoFreq
                0x2000000c        0x4 ./emlib/em_cmu.o
 .data.impure_data
                0x20000010       0x60 c:/siliconlabs/simplicitystudio/v4/developer/toolchains/gnu_arm/4.9_2015q3/bin/../lib/gcc/arm-none-eabi/4.9.3/../../../../arm-none-eabi/lib/armv7e-m/softfp\libc_nano.a(lib_a-impure.o)
                0x20000070                . = ALIGN (0x4)
 *(.ram)
                0x20000070                . = ALIGN (0x4)
                0x20000070                PROVIDE (__preinit_array_start, .)
 *(.preinit_array)
                0x20000070                PROVIDE (__preinit_array_end, .)
                0x20000070                . = ALIGN (0x4)
                0x20000070                PROVIDE (__init_array_start, .)
 *(SORT(.init_array.*))
 *(.init_array)
 .init_array    0x20000070        0x4 c:/siliconlabs/simplicitystudio/v4/developer/toolchains/gnu_arm/4.9_2015q3/bin/../lib/gcc/arm-none-eabi/4.9.3/armv7e-m/softfp/crtbegin.o
                0x20000074                PROVIDE (__init_array_end, .)
                0x20000074                . = ALIGN (0x4)
                0x20000074                PROVIDE (__fini_array_start, .)
 *(SORT(.fini_array.*))
 *(.fini_array)
 .fini_array    0x20000074        0x4 c:/siliconlabs/simplicitystudio/v4/developer/toolchains/gnu_arm/4.9_2015q3/bin/../lib/gcc/arm-none-eabi/4.9.3/armv7e-m/softfp/crtbegin.o
                0x20000078                PROVIDE (__fini_array_end, .)
 *(.jcr*)
 .jcr           0x20000078        0x0 c:/siliconlabs/simplicitystudio/v4/developer/toolchains/gnu_arm/4.9_2015q3/bin/../lib/gcc/arm-none-eabi/4.9.3/armv7e-m/softfp/crtbegin.o
 .jcr           0x20000078        0x4 c:/siliconlabs/simplicitystudio/v4/developer/toolchains/gnu_arm/4.9_2015q3/bin/../lib/gcc/arm-none-eabi/4.9.3/armv7e-m/softfp/crtend.o
                0x2000007c                . = ALIGN (0x4)
                0x2000007c                __data_end__ = .

.igot.plt       0x2000007c        0x0 load address 0x00002b88
 .igot.plt      0x00000000        0x0 c:/siliconlabs/simplicitystudio/v4/developer/toolchains/gnu_arm/4.9_2015q3/bin/../lib/gcc/arm-none-eabi/4.9.3/armv7e-m/softfp/crtbegin.o

.bss            0x2000007c       0x34 load address 0x00002b88
                0x2000007c                . = ALIGN (0x4)
                0x2000007c                __bss_start__ = .
 *(.bss*)
 .bss           0x2000007c       0x1c c:/siliconlabs/simplicitystudio/v4/developer/toolchains/gnu_arm/4.9_2015q3/bin/../lib/gcc/arm-none-eabi/4.9.3/armv7e-m/softfp/crtbegin.o
 .bss.errataFixDcdcHsState
                0x20000098        0x1 ./emlib/em_emu.o
 *fill*         0x20000099        0x1 
 .bss.dcdcMaxCurrent_mA
                0x2000009a        0x2 ./emlib/em_emu.o
 .bss.dcdcEm01LoadCurrent_mA
                0x2000009c        0x2 ./emlib/em_emu.o
 .bss.dcdcReverseCurrentControl
                0x2000009e        0x2 ./emlib/em_emu.o
 .bss.eMode     0x200000a0        0x1 ./src/lcd_setup.o
 *fill*         0x200000a1        0x3 
 .bss.startTest
                0x200000a4        0x4 ./src/lcd_setup.o
 .bss.seconds   0x200000a8        0x4 ./src/lcd_setup.o
 *(COMMON)
 COMMON         0x200000ac        0x4 ./CMSIS/EFM32PG1B/system_efm32pg1b.o
                0x200000ac                SystemCoreClock
                0x200000b0                . = ALIGN (0x4)
                0x200000b0                __bss_end__ = .

.heap           0x200000b0      0xc00
                0x200000b0                __HeapBase = .
                0x200000b0                __end__ = .
                0x200000b0                end = __end__
                0x200000b0                _end = __end__
 *(.heap*)
 .heap          0x200000b0      0xc00 ./CMSIS/EFM32PG1B/startup_efm32pg1b.o
                0x20000cb0                __HeapLimit = .

.stack_dummy    0x200000b0      0x400
 *(.stack*)
 .stack         0x200000b0      0x400 ./CMSIS/EFM32PG1B/startup_efm32pg1b.o
                0x20008000                __StackTop = (ORIGIN (RAM) + 0x8000)
                0x20007c00                __StackLimit = (__StackTop - SIZEOF (.stack_dummy))
                0x20008000                PROVIDE (__stack, __StackTop)
                0x00000001                ASSERT ((__StackLimit >= __HeapLimit), region RAM overflowed with stack)
                0x00000001                ASSERT ((0x40000 >= (__etext + SIZEOF (.data))), FLASH memory overflowed !)
OUTPUT(SLSTK3401A_emode.axf elf32-littlearm)

.ARM.attributes
                0x00000000       0x2e
 .ARM.attributes
                0x00000000       0x22 c:/siliconlabs/simplicitystudio/v4/developer/toolchains/gnu_arm/4.9_2015q3/bin/../lib/gcc/arm-none-eabi/4.9.3/armv7e-m/softfp/crti.o
 .ARM.attributes
                0x00000022       0x32 c:/siliconlabs/simplicitystudio/v4/developer/toolchains/gnu_arm/4.9_2015q3/bin/../lib/gcc/arm-none-eabi/4.9.3/armv7e-m/softfp/crtbegin.o
 .ARM.attributes
                0x00000054       0x20 c:/siliconlabs/simplicitystudio/v4/developer/toolchains/gnu_arm/4.9_2015q3/bin/../lib/gcc/arm-none-eabi/4.9.3/../../../../arm-none-eabi/lib/armv7e-m/softfp/crt0.o
 .ARM.attributes
                0x00000074       0x1f ./CMSIS/EFM32PG1B/startup_efm32pg1b.o
 .ARM.attributes
                0x00000093       0x37 ./CMSIS/EFM32PG1B/system_efm32pg1b.o
 .ARM.attributes
                0x000000ca       0x37 ./Drivers/retargetio.o
 .ARM.attributes
                0x00000101       0x37 ./emlib/em_assert.o
 .ARM.attributes
                0x00000138       0x37 ./emlib/em_cmu.o
 .ARM.attributes
                0x0000016f       0x37 ./emlib/em_emu.o
 .ARM.attributes
                0x000001a6       0x37 ./emlib/em_system.o
 .ARM.attributes
                0x000001dd       0x37 ./src/emodes.o
 .ARM.attributes
                0x00000214       0x37 ./src/lcd_setup.o
 .ARM.attributes
                0x0000024b       0x37 ./src/main.o
 .ARM.attributes
                0x00000282       0x32 c:/siliconlabs/simplicitystudio/v4/developer/toolchains/gnu_arm/4.9_2015q3/bin/../lib/gcc/arm-none-eabi/4.9.3/../../../../arm-none-eabi/lib/armv7e-m/softfp\libc_nano.a(lib_a-exit.o)
 .ARM.attributes
                0x000002b4       0x32 c:/siliconlabs/simplicitystudio/v4/developer/toolchains/gnu_arm/4.9_2015q3/bin/../lib/gcc/arm-none-eabi/4.9.3/../../../../arm-none-eabi/lib/armv7e-m/softfp\libc_nano.a(lib_a-findfp.o)
 .ARM.attributes
                0x000002e6       0x32 c:/siliconlabs/simplicitystudio/v4/developer/toolchains/gnu_arm/4.9_2015q3/bin/../lib/gcc/arm-none-eabi/4.9.3/../../../../arm-none-eabi/lib/armv7e-m/softfp\libc_nano.a(lib_a-impure.o)
 .ARM.attributes
                0x00000318       0x32 c:/siliconlabs/simplicitystudio/v4/developer/toolchains/gnu_arm/4.9_2015q3/bin/../lib/gcc/arm-none-eabi/4.9.3/../../../../arm-none-eabi/lib/armv7e-m/softfp\libc_nano.a(lib_a-init.o)
 .ARM.attributes
                0x0000034a       0x32 c:/siliconlabs/simplicitystudio/v4/developer/toolchains/gnu_arm/4.9_2015q3/bin/../lib/gcc/arm-none-eabi/4.9.3/../../../../arm-none-eabi/lib/armv7e-m/softfp\libc_nano.a(lib_a-memset.o)
 .ARM.attributes
                0x0000037c       0x32 c:/siliconlabs/simplicitystudio/v4/developer/toolchains/gnu_arm/4.9_2015q3/bin/../lib/gcc/arm-none-eabi/4.9.3/armv7e-m/softfp/crtend.o
 .ARM.attributes
                0x000003ae       0x22 c:/siliconlabs/simplicitystudio/v4/developer/toolchains/gnu_arm/4.9_2015q3/bin/../lib/gcc/arm-none-eabi/4.9.3/armv7e-m/softfp/crtn.o

.comment        0x00000000       0x70
 .comment       0x00000000       0x70 ./CMSIS/EFM32PG1B/system_efm32pg1b.o
                                 0x71 (size before relaxing)
 .comment       0x00000000       0x71 ./Drivers/retargetio.o
 .comment       0x00000000       0x71 ./emlib/em_assert.o
 .comment       0x00000000       0x71 ./emlib/em_cmu.o
 .comment       0x00000000       0x71 ./emlib/em_emu.o
 .comment       0x00000000       0x71 ./emlib/em_system.o
 .comment       0x00000000       0x71 ./src/emodes.o
 .comment       0x00000000       0x71 ./src/lcd_setup.o
 .comment       0x00000000       0x71 ./src/main.o

.debug_line     0x00000000     0x30e0
 .debug_line    0x00000000       0xd7 ./CMSIS/EFM32PG1B/startup_efm32pg1b.o
 .debug_line    0x000000d7      0x351 ./CMSIS/EFM32PG1B/system_efm32pg1b.o
 .debug_line    0x00000428      0x393 ./Drivers/retargetio.o
 .debug_line    0x000007bb       0x9b ./emlib/em_assert.o
 .debug_line    0x00000856      0xbc3 ./emlib/em_cmu.o
 .debug_line    0x00001419      0xc22 ./emlib/em_emu.o
 .debug_line    0x0000203b      0x31c ./emlib/em_system.o
 .debug_line    0x00002357      0x3f4 ./src/emodes.o
 .debug_line    0x0000274b      0x5ee ./src/lcd_setup.o
 .debug_line    0x00002d39      0x3a7 ./src/main.o

.debug_info     0x00000000     0x8189
 .debug_info    0x00000000      0x10b ./CMSIS/EFM32PG1B/startup_efm32pg1b.o
 .debug_info    0x0000010b      0x86d ./CMSIS/EFM32PG1B/system_efm32pg1b.o
 .debug_info    0x00000978      0xde4 ./Drivers/retargetio.o
 .debug_info    0x0000175c       0x76 ./emlib/em_assert.o
 .debug_info    0x000017d2     0x1acf ./emlib/em_cmu.o
 .debug_info    0x000032a1     0x1ee4 ./emlib/em_emu.o
 .debug_info    0x00005185      0x26c ./emlib/em_system.o
 .debug_info    0x000053f1      0xab9 ./src/emodes.o
 .debug_info    0x00005eaa      0xfff ./src/lcd_setup.o
 .debug_info    0x00006ea9     0x12e0 ./src/main.o

.debug_abbrev   0x00000000     0x1106
 .debug_abbrev  0x00000000       0x14 ./CMSIS/EFM32PG1B/startup_efm32pg1b.o
 .debug_abbrev  0x00000014      0x1a7 ./CMSIS/EFM32PG1B/system_efm32pg1b.o
 .debug_abbrev  0x000001bb      0x25a ./Drivers/retargetio.o
 .debug_abbrev  0x00000415       0x63 ./emlib/em_assert.o
 .debug_abbrev  0x00000478      0x305 ./emlib/em_cmu.o
 .debug_abbrev  0x0000077d      0x308 ./emlib/em_emu.o
 .debug_abbrev  0x00000a85       0xfa ./emlib/em_system.o
 .debug_abbrev  0x00000b7f      0x1fa ./src/emodes.o
 .debug_abbrev  0x00000d79      0x22e ./src/lcd_setup.o
 .debug_abbrev  0x00000fa7      0x15f ./src/main.o

.debug_aranges  0x00000000      0x598
 .debug_aranges
                0x00000000       0x20 ./CMSIS/EFM32PG1B/startup_efm32pg1b.o
 .debug_aranges
                0x00000020       0x68 ./CMSIS/EFM32PG1B/system_efm32pg1b.o
 .debug_aranges
                0x00000088       0x68 ./Drivers/retargetio.o
 .debug_aranges
                0x000000f0       0x20 ./emlib/em_assert.o
 .debug_aranges
                0x00000110      0x190 ./emlib/em_cmu.o
 .debug_aranges
                0x000002a0      0x178 ./emlib/em_emu.o
 .debug_aranges
                0x00000418       0x28 ./emlib/em_system.o
 .debug_aranges
                0x00000440       0x90 ./src/emodes.o
 .debug_aranges
                0x000004d0       0x90 ./src/lcd_setup.o
 .debug_aranges
                0x00000560       0x38 ./src/main.o

.debug_loc      0x00000000     0x2ca2
 .debug_loc     0x00000000      0x2e4 ./CMSIS/EFM32PG1B/system_efm32pg1b.o
 .debug_loc     0x000002e4      0x338 ./Drivers/retargetio.o
 .debug_loc     0x0000061c       0x38 ./emlib/em_assert.o
 .debug_loc     0x00000654      0xef8 ./emlib/em_cmu.o
 .debug_loc     0x0000154c      0xd4a ./emlib/em_emu.o
 .debug_loc     0x00002296       0xac ./emlib/em_system.o
 .debug_loc     0x00002342      0x3da ./src/emodes.o
 .debug_loc     0x0000271c      0x474 ./src/lcd_setup.o
 .debug_loc     0x00002b90      0x112 ./src/main.o

.debug_ranges   0x00000000      0x4e8
 .debug_ranges  0x00000000       0x58 ./CMSIS/EFM32PG1B/system_efm32pg1b.o
 .debug_ranges  0x00000058       0x58 ./Drivers/retargetio.o
 .debug_ranges  0x000000b0       0x10 ./emlib/em_assert.o
 .debug_ranges  0x000000c0      0x180 ./emlib/em_cmu.o
 .debug_ranges  0x00000240      0x168 ./emlib/em_emu.o
 .debug_ranges  0x000003a8       0x18 ./emlib/em_system.o
 .debug_ranges  0x000003c0       0x80 ./src/emodes.o
 .debug_ranges  0x00000440       0x80 ./src/lcd_setup.o
 .debug_ranges  0x000004c0       0x28 ./src/main.o

.debug_str      0x00000000     0x3e50
 .debug_str     0x00000000      0x5e3 ./CMSIS/EFM32PG1B/system_efm32pg1b.o
                                0x655 (size before relaxing)
 .debug_str     0x000005e3      0x5aa ./Drivers/retargetio.o
                                0x7b8 (size before relaxing)
 .debug_str     0x00000b8d       0x75 ./emlib/em_assert.o
                                0x175 (size before relaxing)
 .debug_str     0x00000c02      0xe5d ./emlib/em_cmu.o
                               0x134e (size before relaxing)
 .debug_str     0x00001a5f      0xe32 ./emlib/em_emu.o
                               0x17eb (size before relaxing)
 .debug_str     0x00002891      0x10c ./emlib/em_system.o
                                0x309 (size before relaxing)
 .debug_str     0x0000299d      0x6d1 ./src/emodes.o
                                0xe0e (size before relaxing)
 .debug_str     0x0000306e      0xc6e ./src/lcd_setup.o
                               0x1205 (size before relaxing)
 .debug_str     0x00003cdc      0x174 ./src/main.o
                               0x104d (size before relaxing)

.debug_frame    0x00000000     0x16c8
 .debug_frame   0x00000000      0x164 ./CMSIS/EFM32PG1B/system_efm32pg1b.o
 .debug_frame   0x00000164      0x184 ./Drivers/retargetio.o
 .debug_frame   0x000002e8       0x2c ./emlib/em_assert.o
 .debug_frame   0x00000314      0x6d4 ./emlib/em_cmu.o
 .debug_frame   0x000009e8      0x630 ./emlib/em_emu.o
 .debug_frame   0x00001018       0x5c ./emlib/em_system.o
 .debug_frame   0x00001074      0x1f8 ./src/emodes.o
 .debug_frame   0x0000126c      0x234 ./src/lcd_setup.o
 .debug_frame   0x000014a0       0x98 ./src/main.o
 .debug_frame   0x00001538       0x28 c:/siliconlabs/simplicitystudio/v4/developer/toolchains/gnu_arm/4.9_2015q3/bin/../lib/gcc/arm-none-eabi/4.9.3/../../../../arm-none-eabi/lib/armv7e-m/softfp\libc_nano.a(lib_a-exit.o)
 .debug_frame   0x00001560      0x11c c:/siliconlabs/simplicitystudio/v4/developer/toolchains/gnu_arm/4.9_2015q3/bin/../lib/gcc/arm-none-eabi/4.9.3/../../../../arm-none-eabi/lib/armv7e-m/softfp\libc_nano.a(lib_a-findfp.o)
 .debug_frame   0x0000167c       0x2c c:/siliconlabs/simplicitystudio/v4/developer/toolchains/gnu_arm/4.9_2015q3/bin/../lib/gcc/arm-none-eabi/4.9.3/../../../../arm-none-eabi/lib/armv7e-m/softfp\libc_nano.a(lib_a-init.o)
 .debug_frame   0x000016a8       0x20 c:/siliconlabs/simplicitystudio/v4/developer/toolchains/gnu_arm/4.9_2015q3/bin/../lib/gcc/arm-none-eabi/4.9.3/../../../../arm-none-eabi/lib/armv7e-m/softfp\libc_nano.a(lib_a-memset.o)
